[INFO] Scanning for projects...
[INFO] 
[INFO] -----------------< br.com.campushop:campushop_backend >-----------------
[INFO] Building campushop_backend 0.0.1-SNAPSHOT
[INFO]   from pom.xml
[INFO] --------------------------------[ jar ]---------------------------------
[INFO] 
[INFO] --- resources:3.3.1:resources (default-resources) @ campushop_backend ---
[INFO] Copying 2 resources from src\main\resources to target\classes
[INFO] Copying 9 resources from src\main\resources to target\classes
[INFO] 
[INFO] --- compiler:3.11.0:compile (default-compile) @ campushop_backend ---
[INFO] Nothing to compile - all classes are up to date
[INFO] 
[INFO] --- resources:3.3.1:testResources (default-testResources) @ campushop_backend ---
[INFO] Copying 1 resource from src\test\resources to target\test-classes
[INFO] 
[INFO] --- compiler:3.11.0:testCompile (default-testCompile) @ campushop_backend ---
[INFO] Nothing to compile - all classes are up to date
[INFO] 
[INFO] --- surefire:3.0.0:test (default-test) @ campushop_backend ---
[INFO] Using auto detected provider org.apache.maven.surefire.junitplatform.JUnitPlatformProvider
[INFO] 
[INFO] -------------------------------------------------------
[INFO]  T E S T S
[INFO] -------------------------------------------------------
[INFO] Running br.com.campushop.campushop_backend.CampushopBackendApplicationTests
20:05:00.660 [main] INFO org.springframework.test.context.support.AnnotationConfigContextLoaderUtils -- Could not detect default configuration classes for test class [br.com.campushop.campushop_backend.CampushopBackendApplicationTests]: CampushopBackendApplicationTests does not declare any static, non-private, non-final, nested classes annotated with @Configuration.
20:05:00.749 [main] INFO org.springframework.boot.test.context.SpringBootTestContextBootstrapper -- Found @SpringBootConfiguration br.com.campushop.campushop_backend.CampushopBackendApplication for test class br.com.campushop.campushop_backend.CampushopBackendApplicationTests
20:05:00.972 [main] INFO org.springframework.boot.devtools.restart.RestartApplicationListener -- Restart disabled due to context in which it is running

  .   ____          _            __ _ _
 /\\ / ___'_ __ _ _(_)_ __  __ _ \ \ \ \
( ( )\___ | '_ | '_| | '_ \/ _` | \ \ \ \
 \\/  ___)| |_)| | | | | || (_| |  ) ) ) )
  '  |____| .__|_| |_|_| |_\__, | / / / /
 =========|_|==============|___/=/_/_/_/
 :: Spring Boot ::                (v3.1.5)

2026-06-17 20:05:01 - Starting CampushopBackendApplicationTests using Java 21.0.7 with PID 5404 (started by caiok in C:\Users\caiok\OneDrive\Documentos\GitHub\CAMPUSHOP)
2026-06-17 20:05:01 - Running with Spring Boot v3.1.5, Spring v6.0.13
2026-06-17 20:05:01 - No active profile set, falling back to 1 default profile: "default"
2026-06-17 20:05:02 - Bootstrapping Spring Data JPA repositories in DEFAULT mode.
2026-06-17 20:05:02 - Finished Spring Data repository scanning in 90 ms. Found 7 JPA repository interfaces.
2026-06-17 20:05:03 - HHH000204: Processing PersistenceUnitInfo [name: default]
2026-06-17 20:05:04 - HHH000412: Hibernate ORM core version 6.2.13.Final
2026-06-17 20:05:04 - HHH000406: Using bytecode reflection optimizer
2026-06-17 20:05:04 - No LoadTimeWeaver setup: ignoring JPA class transformer
2026-06-17 20:05:04 - HikariPool-1 - Starting...
2026-06-17 20:05:05 - HikariPool-1 - Added connection com.mysql.cj.jdbc.ConnectionImpl@7c0e4e4e
2026-06-17 20:05:05 - HikariPool-1 - Start completed.
2026-06-17 20:05:05 - HHH90000025: MySQLDialect does not need to be specified explicitly using 'hibernate.dialect' (remove the property setting and it will be selected by default)
2026-06-17 20:05:06 - HHH000489: No JTA platform available (set 'hibernate.transaction.jta.platform' to enable JTA platform integration)
2026-06-17 20:05:06 - Initialized JPA EntityManagerFactory for persistence unit 'default'
2026-06-17 20:05:07 - Hibernate is in classpath; If applicable, HQL parser will be used.
2026-06-17 20:05:08 - spring.jpa.open-in-view is enabled by default. Therefore, database queries may be performed during view rendering. Explicitly configure spring.jpa.open-in-view to disable this warning
2026-06-17 20:05:09 - Will secure any request with [org.springframework.security.web.session.DisableEncodeUrlFilter@35f011cf, org.springframework.security.web.context.request.async.WebAsyncManagerIntegrationFilter@4f5c55a8, org.springframework.security.web.context.SecurityContextHolderFilter@3aef4650, org.springframework.security.web.header.HeaderWriterFilter@21df2968, org.springframework.web.filter.CorsFilter@2d198533, br.com.campushop.campushop_backend.security.JwtAuthenticationFilter@6f5f892c, org.springframework.security.web.savedrequest.RequestCacheAwareFilter@3ac23fe7, org.springframework.security.web.servletapi.SecurityContextHolderAwareRequestFilter@2e6c69f, org.springframework.security.web.authentication.AnonymousAuthenticationFilter@6bd4d24b, org.springframework.security.web.session.SessionManagementFilter@70fdecff, org.springframework.security.web.access.ExceptionTranslationFilter@60319a00, org.springframework.security.web.access.intercept.AuthorizationFilter@79b07ccd]
2026-06-17 20:05:09 - Adding welcome page: class path resource [static/index.html]
2026-06-17 20:05:09 - Cannot find template location: classpath:/templates/ (please add some templates, check your Thymeleaf configuration, or set spring.thymeleaf.check-template-location=false)
2026-06-17 20:05:10 - Exposing 1 endpoint(s) beneath base path '/actuator'
2026-06-17 20:05:10 - Started CampushopBackendApplicationTests in 9.451 seconds (process running for 10.548)
Hibernate: 
    select
        c1_0.id_categoria,
        c1_0.descricao,
        c1_0.nome_categoria 
    from
        categoria c1_0
Ô£ô Banco de dados conectado. Categorias existentes: 10
.\apache-maven-3.9.6\bin\mvn.cmd : Java HotSpot(TM) 64-Bit 
Server VM warning: Sharing is only supported for boot loader 
classes because bootstrap classpath has been appended
No linha:1 caractere:1
+ .\apache-maven-3.9.6\bin\mvn.cmd test 2>&1 | Tee-Object 
-FilePath tes ...
+ ~~~~~~~~~~~~~~~~~~~~~~~~~~~~~~~~~~~~~~~~~~
    + CategoryInfo          : NotSpecified: (Java HotSpot(TM. 
   ..s been appended:String) [], RemoteException
    + FullyQualifiedErrorId : NativeCommandError
 
WARNING: A Java agent has been loaded dynamically (C:\Users\ca
iok\.m2\repository\net\bytebuddy\byte-buddy-agent\1.14.9\byte-
buddy-agent-1.14.9.jar)
WARNING: If a serviceability tool is in use, please run with 
-XX:+EnableDynamicAgentLoading to hide this warning
WARNING: If a serviceability tool is not in use, please run 
with -Djdk.instrument.traceUsage for more information
WARNING: Dynamic loading of agents will be disallowed by 
default in a future release
[INFO] Tests run: 1, Failures: 0, Errors: 0, Skipped: 0, Time elapsed: 10.741 s - in br.com.campushop.campushop_backend.CampushopBackendApplicationTests
[INFO] Running br.com.campushop.campushop_backend.controller.AuthControllerTest
2026-06-17 20:05:11 - Could not detect default configuration classes for test class [br.com.campushop.campushop_backend.controller.AuthControllerTest]: AuthControllerTest does not declare any static, non-private, non-final, nested classes annotated with @Configuration.
2026-06-17 20:05:11 - Found @SpringBootConfiguration br.com.campushop.campushop_backend.CampushopBackendApplication for test class br.com.campushop.campushop_backend.controller.AuthControllerTest
2026-06-17 20:05:11 - Restart disabled due to context in which it is running

  .   ____          _            __ _ _
 /\\ / ___'_ __ _ _(_)_ __  __ _ \ \ \ \
( ( )\___ | '_ | '_| | '_ \/ _` | \ \ \ \
 \\/  ___)| |_)| | | | | || (_| |  ) ) ) )
  '  |____| .__|_| |_|_| |_\__, | / / / /
 =========|_|==============|___/=/_/_/_/
 :: Spring Boot ::                (v3.1.5)

2026-06-17 20:05:11 - Starting AuthControllerTest using Java 21.0.7 with PID 5404 (started by caiok in C:\Users\caiok\OneDrive\Documentos\GitHub\CAMPUSHOP)
2026-06-17 20:05:11 - Running with Spring Boot v3.1.5, Spring v6.0.13
2026-06-17 20:05:11 - The following 1 profile is active: "test"
2026-06-17 20:05:12 - HHH000511: The 2.1.0 version for [org.hibernate.dialect.MySQLDialect] is no longer supported, hence certain features may not work properly. The minimum supported version is 5.7.0. Check the community dialects project for available legacy versions.
2026-06-17 20:05:12 - HHH90000025: MySQLDialect does not need to be specified explicitly using 'hibernate.dialect' (remove the property setting and it will be selected by default)
2026-06-17 20:05:13 - spring.jpa.open-in-view is enabled by default. Therefore, database queries may be performed during view rendering. Explicitly configure spring.jpa.open-in-view to disable this warning
2026-06-17 20:05:13 - Will secure any request with [org.springframework.security.web.session.DisableEncodeUrlFilter@5a27a096, org.springframework.security.web.context.request.async.WebAsyncManagerIntegrationFilter@39f9c6f5, org.springframework.security.web.context.SecurityContextHolderFilter@5b0ea41, org.springframework.security.web.header.HeaderWriterFilter@67ba7db3, org.springframework.web.filter.CorsFilter@27129ef5, br.com.campushop.campushop_backend.security.JwtAuthenticationFilter@53a1baf5, org.springframework.security.web.savedrequest.RequestCacheAwareFilter@209d4e32, org.springframework.security.web.servletapi.SecurityContextHolderAwareRequestFilter@147ee877, org.springframework.security.web.authentication.AnonymousAuthenticationFilter@3b0c48bd, org.springframework.security.web.session.SessionManagementFilter@a11811c, org.springframework.security.web.access.ExceptionTranslationFilter@7eab7479, org.springframework.security.web.access.intercept.AuthorizationFilter@1081906a]
2026-06-17 20:05:13 - Cannot find template location: classpath:/templates/ (please add some templates, check your Thymeleaf configuration, or set spring.thymeleaf.check-template-location=false)
2026-06-17 20:05:13 - Started AuthControllerTest in 2.364 seconds (process running for 13.77)
Ô£ô Banco de dados conectado. Categorias existentes: 0
Ô£ô 10 categorias criadas com sucesso.
2026-06-17 20:05:13 - Securing POST /api/auth/resetar-senha
2026-06-17 20:05:13 - Set SecurityContextHolder to anonymous SecurityContext
2026-06-17 20:05:13 - Secured POST /api/auth/resetar-senha
2026-06-17 20:05:13 - Argumento inv├ílido: Senhas n├úo conferem
2026-06-17 20:05:14 - Securing POST /api/auth/register
2026-06-17 20:05:14 - Set SecurityContextHolder to anonymous SecurityContext
2026-06-17 20:05:14 - Secured POST /api/auth/register
2026-06-17 20:05:14 - Erro de valida├º├úo detectado: Validation failed for argument [0] in public org.springframework.http.ResponseEntity<?> br.com.campushop.campushop_backend.controller.AuthController.register(br.com.campushop.campushop_backend.dto.RegisterRequest) with 6 errors: [Field error in object 'registerRequest' on field 'email': rejected value []; codes [NotBlank.registerRequest.email,NotBlank.email,NotBlank.java.lang.String,NotBlank]; arguments [org.springframework.context.support.DefaultMessageSourceResolvable: codes [registerRequest.email,email]; arguments []; default message [email]]; default message [Email ├® obrigat├│rio]] [Field error in object 'registerRequest' on field 'cpfCnpj': rejected value [null]; codes [NotBlank.registerRequest.cpfCnpj,NotBlank.cpfCnpj,NotBlank.java.lang.String,NotBlank]; arguments [org.springframework.context.support.DefaultMessageSourceResolvable: codes [registerRequest.cpfCnpj,cpfCnpj]; arguments []; default message [cpfCnpj]]; default message [CPF ├® obrigat├│rio]] [Field error in object 'registerRequest' on field 'perfil': rejected value [null]; codes [NotBlank.registerRequest.perfil,NotBlank.perfil,NotBlank.java.lang.String,NotBlank]; arguments [org.springframework.context.support.DefaultMessageSourceResolvable: codes [registerRequest.perfil,perfil]; arguments []; default message [perfil]]; default message [Perfil ├® obrigat├│rio]] [Field error in object 'registerRequest' on field 'dataNascimento': rejected value [null]; codes [NotNull.registerRequest.dataNascimento,NotNull.dataNascimento,NotNull.java.time.LocalDate,NotNull]; arguments [org.springframework.context.support.DefaultMessageSourceResolvable: codes [registerRequest.dataNascimento,dataNascimento]; arguments []; default message [dataNascimento]]; default message [Data de nascimento ├® obrigat├│ria]] [Field error in object 'registerRequest' on field 'senhaValida': rejected value [false]; codes [AssertTrue.registerRequest.senhaValida,AssertTrue.senhaValida,AssertTrue.boolean,AssertTrue]; arguments [org.springframework.context.support.DefaultMessageSourceResolvable: codes [registerRequest.senhaValida,senhaValida]; arguments []; default message [senhaValida]]; default message [As senhas n├úo coincidem]] [Field error in object 'registerRequest' on field 'confirmarSenha': rejected value [null]; codes [NotBlank.registerRequest.confirmarSenha,NotBlank.confirmarSenha,NotBlank.java.lang.String,NotBlank]; arguments [org.springframework.context.support.DefaultMessageSourceResolvable: codes [registerRequest.confirmarSenha,confirmarSenha]; arguments []; default message [confirmarSenha]]; default message [Confirma├º├úo de senha obrigat├│ria]] 
2026-06-17 20:05:14 - Campo 'email' inv├ílido: Email ├® obrigat├│rio
2026-06-17 20:05:14 - Campo 'cpfCnpj' inv├ílido: CPF ├® obrigat├│rio
2026-06-17 20:05:14 - Campo 'perfil' inv├ílido: Perfil ├® obrigat├│rio
2026-06-17 20:05:14 - Campo 'dataNascimento' inv├ílido: Data de nascimento ├® obrigat├│ria
2026-06-17 20:05:14 - Campo 'senhaValida' inv├ílido: As senhas n├úo coincidem
2026-06-17 20:05:14 - Campo 'confirmarSenha' inv├ílido: Confirma├º├úo de senha obrigat├│ria
2026-06-17 20:05:14 - Securing POST /api/auth/register
2026-06-17 20:05:14 - Set SecurityContextHolder to anonymous SecurityContext
2026-06-17 20:05:14 - Secured POST /api/auth/register
2026-06-17 20:05:14 - Erro de valida├º├úo detectado: Validation failed for argument [0] in public org.springframework.http.ResponseEntity<?> br.com.campushop.campushop_backend.controller.AuthController.register(br.com.campushop.campushop_backend.dto.RegisterRequest) with 6 errors: [Field error in object 'registerRequest' on field 'ra': rejected value [ABC]; codes [Pattern.registerRequest.ra,Pattern.ra,Pattern.java.lang.String,Pattern]; arguments [org.springframework.context.support.DefaultMessageSourceResolvable: codes [registerRequest.ra,ra]; arguments []; default message [ra],[Ljakarta.validation.constraints.Pattern$Flag;@3bbf850b,\d{9}]; default message [RA deve conter 9 d├¡gitos]] [Field error in object 'registerRequest' on field 'senhaValida': rejected value [false]; codes [AssertTrue.registerRequest.senhaValida,AssertTrue.senhaValida,AssertTrue.boolean,AssertTrue]; arguments [org.springframework.context.support.DefaultMessageSourceResolvable: codes [registerRequest.senhaValida,senhaValida]; arguments []; default message [senhaValida]]; default message [As senhas n├úo coincidem]] [Field error in object 'registerRequest' on field 'dataNascimento': rejected value [null]; codes [NotNull.registerRequest.dataNascimento,NotNull.dataNascimento,NotNull.java.time.LocalDate,NotNull]; arguments [org.springframework.context.support.DefaultMessageSourceResolvable: codes [registerRequest.dataNascimento,dataNascimento]; arguments []; default message [dataNascimento]]; default message [Data de nascimento ├® obrigat├│ria]] [Field error in object 'registerRequest' on field 'cpfCnpj': rejected value [null]; codes [NotBlank.registerRequest.cpfCnpj,NotBlank.cpfCnpj,NotBlank.java.lang.String,NotBlank]; arguments [org.springframework.context.support.DefaultMessageSourceResolvable: codes [registerRequest.cpfCnpj,cpfCnpj]; arguments []; default message [cpfCnpj]]; default message [CPF ├® obrigat├│rio]] [Field error in object 'registerRequest' on field 'confirmarSenha': rejected value [null]; codes [NotBlank.registerRequest.confirmarSenha,NotBlank.confirmarSenha,NotBlank.java.lang.String,NotBlank]; arguments [org.springframework.context.support.DefaultMessageSourceResolvable: codes [registerRequest.confirmarSenha,confirmarSenha]; arguments []; default message [confirmarSenha]]; default message [Confirma├º├úo de senha obrigat├│ria]] [Field error in object 'registerRequest' on field 'perfil': rejected value [null]; codes [NotBlank.registerRequest.perfil,NotBlank.perfil,NotBlank.java.lang.String,NotBlank]; arguments [org.springframework.context.support.DefaultMessageSourceResolvable: codes [registerRequest.perfil,perfil]; arguments []; default message [perfil]]; default message [Perfil ├® obrigat├│rio]] 
2026-06-17 20:05:14 - Campo 'ra' inv├ílido: RA deve conter 9 d├¡gitos
2026-06-17 20:05:14 - Campo 'senhaValida' inv├ílido: As senhas n├úo coincidem
2026-06-17 20:05:14 - Campo 'dataNascimento' inv├ílido: Data de nascimento ├® obrigat├│ria
2026-06-17 20:05:14 - Campo 'cpfCnpj' inv├ílido: CPF ├® obrigat├│rio
2026-06-17 20:05:14 - Campo 'confirmarSenha' inv├ílido: Confirma├º├úo de senha obrigat├│ria
2026-06-17 20:05:14 - Campo 'perfil' inv├ílido: Perfil ├® obrigat├│rio
2026-06-17 20:05:14 - Securing POST /api/auth/register
2026-06-17 20:05:14 - Set SecurityContextHolder to anonymous SecurityContext
2026-06-17 20:05:14 - Secured POST /api/auth/register
2026-06-17 20:05:14 - Erro de valida├º├úo detectado: Validation failed for argument [0] in public org.springframework.http.ResponseEntity<?> br.com.campushop.campushop_backend.controller.AuthController.register(br.com.campushop.campushop_backend.dto.RegisterRequest) with 6 errors: [Field error in object 'registerRequest' on field 'senhaValida': rejected value [false]; codes [AssertTrue.registerRequest.senhaValida,AssertTrue.senhaValida,AssertTrue.boolean,AssertTrue]; arguments [org.springframework.context.support.DefaultMessageSourceResolvable: codes [registerRequest.senhaValida,senhaValida]; arguments []; default message [senhaValida]]; default message [As senhas n├úo coincidem]] [Field error in object 'registerRequest' on field 'dataNascimento': rejected value [null]; codes [NotNull.registerRequest.dataNascimento,NotNull.dataNascimento,NotNull.java.time.LocalDate,NotNull]; arguments [org.springframework.context.support.DefaultMessageSourceResolvable: codes [registerRequest.dataNascimento,dataNascimento]; arguments []; default message [dataNascimento]]; default message [Data de nascimento ├® obrigat├│ria]] [Field error in object 'registerRequest' on field 'cpfCnpj': rejected value [null]; codes [NotBlank.registerRequest.cpfCnpj,NotBlank.cpfCnpj,NotBlank.java.lang.String,NotBlank]; arguments [org.springframework.context.support.DefaultMessageSourceResolvable: codes [registerRequest.cpfCnpj,cpfCnpj]; arguments []; default message [cpfCnpj]]; default message [CPF ├® obrigat├│rio]] [Field error in object 'registerRequest' on field 'perfil': rejected value [null]; codes [NotBlank.registerRequest.perfil,NotBlank.perfil,NotBlank.java.lang.String,NotBlank]; arguments [org.springframework.context.support.DefaultMessageSourceResolvable: codes [registerRequest.perfil,perfil]; arguments []; default message [perfil]]; default message [Perfil ├® obrigat├│rio]] [Field error in object 'registerRequest' on field 'confirmarSenha': rejected value [null]; codes [NotBlank.registerRequest.confirmarSenha,NotBlank.confirmarSenha,NotBlank.java.lang.String,NotBlank]; arguments [org.springframework.context.support.DefaultMessageSourceResolvable: codes [registerRequest.confirmarSenha,confirmarSenha]; arguments []; default message [confirmarSenha]]; default message [Confirma├º├úo de senha obrigat├│ria]] [Field error in object 'registerRequest' on field 'senha': rejected value [123]; codes [Size.registerRequest.senha,Size.senha,Size.java.lang.String,Size]; arguments [org.springframework.context.support.DefaultMessageSourceResolvable: codes [registerRequest.senha,senha]; arguments []; default message [senha],2147483647,6]; default message [Senha deve ter no m├¡nimo 6 caracteres]] 
2026-06-17 20:05:14 - Campo 'senhaValida' inv├ílido: As senhas n├úo coincidem
2026-06-17 20:05:14 - Campo 'dataNascimento' inv├ílido: Data de nascimento ├® obrigat├│ria
2026-06-17 20:05:14 - Campo 'cpfCnpj' inv├ílido: CPF ├® obrigat├│rio
2026-06-17 20:05:14 - Campo 'perfil' inv├ílido: Perfil ├® obrigat├│rio
2026-06-17 20:05:14 - Campo 'confirmarSenha' inv├ílido: Confirma├º├úo de senha obrigat├│ria
2026-06-17 20:05:14 - Campo 'senha' inv├ílido: Senha deve ter no m├¡nimo 6 caracteres
2026-06-17 20:05:14 - Securing POST /api/auth/register
2026-06-17 20:05:14 - Set SecurityContextHolder to anonymous SecurityContext
2026-06-17 20:05:14 - Secured POST /api/auth/register
2026-06-17 20:05:14 - Erro de valida├º├úo detectado: Validation failed for argument [0] in public org.springframework.http.ResponseEntity<?> br.com.campushop.campushop_backend.controller.AuthController.register(br.com.campushop.campushop_backend.dto.RegisterRequest) with 6 errors: [Field error in object 'registerRequest' on field 'perfil': rejected value [null]; codes [NotBlank.registerRequest.perfil,NotBlank.perfil,NotBlank.java.lang.String,NotBlank]; arguments [org.springframework.context.support.DefaultMessageSourceResolvable: codes [registerRequest.perfil,perfil]; arguments []; default message [perfil]]; default message [Perfil ├® obrigat├│rio]] [Field error in object 'registerRequest' on field 'dataNascimento': rejected value [null]; codes [NotNull.registerRequest.dataNascimento,NotNull.dataNascimento,NotNull.java.time.LocalDate,NotNull]; arguments [org.springframework.context.support.DefaultMessageSourceResolvable: codes [registerRequest.dataNascimento,dataNascimento]; arguments []; default message [dataNascimento]]; default message [Data de nascimento ├® obrigat├│ria]] [Field error in object 'registerRequest' on field 'cpfCnpj': rejected value [null]; codes [NotBlank.registerRequest.cpfCnpj,NotBlank.cpfCnpj,NotBlank.java.lang.String,NotBlank]; arguments [org.springframework.context.support.DefaultMessageSourceResolvable: codes [registerRequest.cpfCnpj,cpfCnpj]; arguments []; default message [cpfCnpj]]; default message [CPF ├® obrigat├│rio]] [Field error in object 'registerRequest' on field 'confirmarSenha': rejected value [null]; codes [NotBlank.registerRequest.confirmarSenha,NotBlank.confirmarSenha,NotBlank.java.lang.String,NotBlank]; arguments [org.springframework.context.support.DefaultMessageSourceResolvable: codes [registerRequest.confirmarSenha,confirmarSenha]; arguments []; default message [confirmarSenha]]; default message [Confirma├º├úo de senha obrigat├│ria]] [Field error in object 'registerRequest' on field 'email': rejected value [email_sem_arroba]; codes [Email.registerRequest.email,Email.email,Email.java.lang.String,Email]; arguments [org.springframework.context.support.DefaultMessageSourceResolvable: codes [registerRequest.email,email]; arguments []; default message [email],[Ljakarta.validation.constraints.Pattern$Flag;@20d4fdff,.*]; default message [Email inv├ílido]] [Field error in object 'registerRequest' on field 'senhaValida': rejected value [false]; codes [AssertTrue.registerRequest.senhaValida,AssertTrue.senhaValida,AssertTrue.boolean,AssertTrue]; arguments [org.springframework.context.support.DefaultMessageSourceResolvable: codes [registerRequest.senhaValida,senhaValida]; arguments []; default message [senhaValida]]; default message [As senhas n├úo coincidem]] 
2026-06-17 20:05:14 - Campo 'perfil' inv├ílido: Perfil ├® obrigat├│rio
2026-06-17 20:05:14 - Campo 'dataNascimento' inv├ílido: Data de nascimento ├® obrigat├│ria
2026-06-17 20:05:14 - Campo 'cpfCnpj' inv├ílido: CPF ├® obrigat├│rio
2026-06-17 20:05:14 - Campo 'confirmarSenha' inv├ílido: Confirma├º├úo de senha obrigat├│ria
2026-06-17 20:05:14 - Campo 'email' inv├ílido: Email inv├ílido
2026-06-17 20:05:14 - Campo 'senhaValida' inv├ílido: As senhas n├úo coincidem
2026-06-17 20:05:14 - Securing GET /api/produtos
2026-06-17 20:05:14 - Set SecurityContextHolder to anonymous SecurityContext
2026-06-17 20:05:14 - Secured GET /api/produtos
2026-06-17 20:05:14 - Securing POST /api/auth/login
2026-06-17 20:05:14 - Set SecurityContextHolder to anonymous SecurityContext
2026-06-17 20:05:14 - Secured POST /api/auth/login
[INFO] Tests run: 7, Failures: 0, Errors: 0, Skipped: 0, Time elapsed: 3.069 s - in br.com.campushop.campushop_backend.controller.AuthControllerTest
[INFO] Running br.com.campushop.campushop_backend.controller.AuthTokenTypeTest
2026-06-17 20:05:14 - Securing POST /api/auth/resetar-senha
2026-06-17 20:05:14 - Set SecurityContextHolder to anonymous SecurityContext
2026-06-17 20:05:14 - Secured POST /api/auth/resetar-senha
2026-06-17 20:05:14 - Recurso n├úo encontrado: Token inv├ílido
2026-06-17 20:05:14 - Securing GET /api/auth/verificar-email
2026-06-17 20:05:14 - Set SecurityContextHolder to anonymous SecurityContext
2026-06-17 20:05:14 - Secured GET /api/auth/verificar-email
2026-06-17 20:05:14 - Tentando verificar email com token: reset-to...
2026-06-17 20:05:14 - Recurso n├úo encontrado: Token de verifica├º├úo inv├ílido
[INFO] Tests run: 2, Failures: 0, Errors: 0, Skipped: 0, Time elapsed: 0.099 s - in br.com.campushop.campushop_backend.controller.AuthTokenTypeTest
[INFO] Running br.com.campushop.campushop_backend.service.UsuarioServiceTest
2026-06-17 20:05:15 - Tentando salvar usu├írio com email: joao@university.edu
2026-06-17 20:05:15 - Tentando salvar usu├írio com email: joao@university.edu
[INFO] Tests run: 8, Failures: 0, Errors: 0, Skipped: 0, Time elapsed: 0.802 s - in br.com.campushop.campushop_backend.service.UsuarioServiceTest
[INFO] Running service.CarrinhoServiceTest
[INFO] Tests run: 5, Failures: 0, Errors: 0, Skipped: 0, Time elapsed: 0.245 s - in service.CarrinhoServiceTest
[INFO] Running service.PedidoServiceTest
[INFO] Tests run: 1, Failures: 0, Errors: 0, Skipped: 0, Time elapsed: 0.205 s - in service.PedidoServiceTest
[INFO] 
[INFO] Results:
[INFO] 
[INFO] Tests run: 24, Failures: 0, Errors: 0, Skipped: 0
[INFO] 
[INFO] ------------------------------------------------------------------------
[INFO] BUILD SUCCESS
[INFO] ------------------------------------------------------------------------
[INFO] Total time:  19.825 s
[INFO] Finished at: 2026-06-17T20:05:15-03:00
[INFO] ------------------------------------------------------------------------
